// Jest Snapshot v1, https://goo.gl/fbAQLP

exports[`should render the NotFoundPage correctly 1`] = `
<div>
  <p>
    Error: 404 - 
    <Link
      to="/"
    >
      Go home
    </Link>
  </p>
</div>
`;
